[    0.000000] Linux version 4.15.0-212-generic (buildd@lcy02-amd64-083) (gcc version 7.5.0 (Ubuntu 7.5.0-3ubuntu1~18.04)) #223-Ubuntu SMP Tue May 23 13:09:22 UTC 2023 (Ubuntu 4.15.0-212.223-generic 4.15.18)
[    0.000000] Command line: BOOT_IMAGE=/boot/vmlinuz-4.15.0-212-generic root=LABEL=cloudimg-rootfs ro console=tty1 console=ttyS0
[    0.000000] KERNEL supported cpus:
[    0.000000]   Intel GenuineIntel
[    0.000000]   AMD AuthenticAMD
[    0.000000]   Centaur CentaurHauls
[    0.000000] [Firmware Bug]: TSC doesn't count with P0 frequency!
[    0.000000] x86/fpu: Supporting XSAVE feature 0x001: 'x87 floating point registers'
[    0.000000] x86/fpu: Supporting XSAVE feature 0x002: 'SSE registers'
[    0.000000] x86/fpu: Supporting XSAVE feature 0x004: 'AVX registers'
[    0.000000] x86/fpu: xstate_offset[2]:  576, xstate_sizes[2]:  256
[    0.000000] x86/fpu: Enabled xstate features 0x7, context size is 832 bytes, using 'standard' format.
[    0.000000] e820: BIOS-provided physical RAM map:
[    0.000000] BIOS-e820: [mem 0x0000000000000000-0x000000000009fbff] usable
[    0.000000] BIOS-e820: [mem 0x000000000009fc00-0x000000000009ffff] reserved
[    0.000000] BIOS-e820: [mem 0x00000000000f0000-0x00000000000fffff] reserved
[    0.000000] BIOS-e820: [mem 0x0000000000100000-0x000000003ffeffff] usable
[    0.000000] BIOS-e820: [mem 0x000000003fff0000-0x000000003fffffff] ACPI data
[    0.000000] BIOS-e820: [mem 0x00000000fec00000-0x00000000fec00fff] reserved
[    0.000000] BIOS-e820: [mem 0x00000000fee00000-0x00000000fee00fff] reserved
[    0.000000] BIOS-e820: [mem 0x00000000fffc0000-0x00000000ffffffff] reserved
[    0.000000] NX (Execute Disable) protection: active
[    0.000000] SMBIOS 2.5 present.
[    0.000000] DMI: innotek GmbH VirtualBox/VirtualBox, BIOS VirtualBox 12/01/2006
[    0.000000] Hypervisor detected: KVM
[    0.000000] e820: last_pfn = 0x3fff0 max_arch_pfn = 0x400000000
[    0.000000] x86/PAT: Configuration [0-7]: WB  WC  UC- UC  WB  WP  UC- WT  
[    0.000000] CPU MTRRs all blank - virtualized system.
[    0.000000] found SMP MP-table at [mem 0x0009fbf0-0x0009fbff]
[    0.000000] Scanning 1 areas for low memory corruption
[    0.000000] RAMDISK: [mem 0x359cb000-0x36cdcfff]
[    0.000000] ACPI: Early table checksum verification disabled
[    0.000000] ACPI: RSDP 0x00000000000E0000 000024 (v02 VBOX  )
[    0.000000] ACPI: XSDT 0x000000003FFF0030 00003C (v01 VBOX   VBOXXSDT 00000001 ASL  00000061)
[    0.000000] ACPI: FACP 0x000000003FFF00F0 0000F4 (v04 VBOX   VBOXFACP 00000001 ASL  00000061)
[    0.000000] ACPI: DSDT 0x000000003FFF0610 002353 (v02 VBOX   VBOXBIOS 00000002 INTL 20100528)
[    0.000000] ACPI: FACS 0x000000003FFF0200 000040
[    0.000000] ACPI: FACS 0x000000003FFF0200 000040
[    0.000000] ACPI: APIC 0x000000003FFF0240 00005C (v02 VBOX   VBOXAPIC 00000001 ASL  00000061)
[    0.000000] ACPI: SSDT 0x000000003FFF02A0 00036C (v01 VBOX   VBOXCPUT 00000002 INTL 20100528)
[    0.000000] ACPI: Reserving FACP table memory at [mem 0x3fff00f0-0x3fff01e3]
[    0.000000] ACPI: Reserving DSDT table memory at [mem 0x3fff0610-0x3fff2962]
[    0.000000] ACPI: Reserving FACS table memory at [mem 0x3fff0200-0x3fff023f]
[    0.000000] ACPI: Reserving FACS table memory at [mem 0x3fff0200-0x3fff023f]
[    0.000000] ACPI: Reserving APIC table memory at [mem 0x3fff0240-0x3fff029b]
[    0.000000] ACPI: Reserving SSDT table memory at [mem 0x3fff02a0-0x3fff060b]
[    0.000000] No NUMA configuration found
[    0.000000] Faking a node at [mem 0x0000000000000000-0x000000003ffeffff]
[    0.000000] NODE_DATA(0) allocated [mem 0x3ffc5000-0x3ffeffff]
[    0.000000] kvm-clock: cpu 0, msr 0:3ff44001, primary cpu clock
[    0.000000] kvm-clock: Using msrs 4b564d01 and 4b564d00
[    0.000000] kvm-clock: using sched offset of 4041196471 cycles
[    0.000000] clocksource: kvm-clock: mask: 0xffffffffffffffff max_cycles: 0x1cd42e4dffb, max_idle_ns: 881590591483 ns
[    0.000000] Zone ranges:
[    0.000000]   DMA      [mem 0x0000000000001000-0x0000000000ffffff]
[    0.000000]   DMA32    [mem 0x0000000001000000-0x000000003ffeffff]
[    0.000000]   Normal   empty
[    0.000000]   Device   empty
[    0.000000] Movable zone start for each node
[    0.000000] Early memory node ranges
[    0.000000]   node   0: [mem 0x0000000000001000-0x000000000009efff]
[    0.000000]   node   0: [mem 0x0000000000100000-0x000000003ffeffff]
[    0.000000] Reserved but unavailable: 104 pages
[    0.000000] Initmem setup node 0 [mem 0x0000000000001000-0x000000003ffeffff]
[    0.000000] ACPI: PM-Timer IO Port: 0x4008
[    0.000000] IOAPIC[0]: apic_id 2, version 32, address 0xfec00000, GSI 0-23
[    0.000000] ACPI: INT_SRC_OVR (bus 0 bus_irq 0 global_irq 2 dfl dfl)
[    0.000000] ACPI: INT_SRC_OVR (bus 0 bus_irq 9 global_irq 9 low level)
[    0.000000] Using ACPI (MADT) for SMP configuration information
[    0.000000] smpboot: Allowing 2 CPUs, 0 hotplug CPUs
[    0.000000] PM: Registered nosave memory: [mem 0x00000000-0x00000fff]
[    0.000000] PM: Registered nosave memory: [mem 0x0009f000-0x0009ffff]
[    0.000000] PM: Registered nosave memory: [mem 0x000a0000-0x000effff]
[    0.000000] PM: Registered nosave memory: [mem 0x000f0000-0x000fffff]
[    0.000000] e820: [mem 0x40000000-0xfebfffff] available for PCI devices
[    0.000000] Booting paravirtualized kernel on KVM
[    0.000000] clocksource: refined-jiffies: mask: 0xffffffff max_cycles: 0xffffffff, max_idle_ns: 7645519600211568 ns
[    0.000000] setup_percpu: NR_CPUS:8192 nr_cpumask_bits:2 nr_cpu_ids:2 nr_node_ids:1
[    0.000000] percpu: Embedded 50 pages/cpu s167936 r8192 d28672 u1048576
[    0.000000] PV qspinlock hash table entries: 256 (order: 0, 4096 bytes)
[    0.000000] Built 1 zonelists, mobility grouping on.  Total pages: 257913
[    0.000000] Policy zone: DMA32
[    0.000000] Kernel command line: BOOT_IMAGE=/boot/vmlinuz-4.15.0-212-generic root=LABEL=cloudimg-rootfs ro console=tty1 console=ttyS0
[    0.000000] Memory: 982644K/1048120K available (12300K kernel code, 2477K rwdata, 4324K rodata, 2480K init, 2720K bss, 65476K reserved, 0K cma-reserved)
[    0.000000] SLUB: HWalign=64, Order=0-3, MinObjects=0, CPUs=2, Nodes=1
[    0.000000] ftrace: allocating 39508 entries in 155 pages
[    0.004000] Hierarchical RCU implementation.
[    0.004000] 	RCU restricting CPUs from NR_CPUS=8192 to nr_cpu_ids=2.
[    0.004000] 	Tasks RCU enabled.
[    0.004000] RCU: Adjusting geometry for rcu_fanout_leaf=16, nr_cpu_ids=2
[    0.004000] NR_IRQS: 524544, nr_irqs: 440, preallocated irqs: 16
[    0.004000] random: crng init done
[    0.004000] Console: colour VGA+ 80x25
[    0.004000] console [tty1] enabled
[    0.004000] console [ttyS0] enabled
[    0.004000] ACPI: Core revision 20170831
[    0.004000] ACPI: 2 ACPI AML tables successfully acquired and loaded
[    0.004000] APIC: Switch to symmetric I/O mode setup
[    0.008000] ..TIMER: vector=0x30 apic1=0 pin1=2 apic2=-1 pin2=-1
[    0.008009] tsc: Detected 2095.992 MHz processor
[    0.012009] Calibrating delay loop (skipped) preset value.. 4191.98 BogoMIPS (lpj=8383968)
[    0.016004] pid_max: default: 32768 minimum: 301
[    0.020142] Security Framework initialized
[    0.024003] Yama: becoming mindful.
[    0.028113] AppArmor: AppArmor initialized
[    0.039196] Dentry cache hash table entries: 131072 (order: 8, 1048576 bytes)
[    0.045724] Inode-cache hash table entries: 65536 (order: 7, 524288 bytes)
[    0.048123] Mount-cache hash table entries: 2048 (order: 2, 16384 bytes)
[    0.052106] Mountpoint-cache hash table entries: 2048 (order: 2, 16384 bytes)
[    0.057917] Last level iTLB entries: 4KB 1024, 2MB 1024, 4MB 512
[    0.060005] Last level dTLB entries: 4KB 2048, 2MB 2048, 4MB 1024, 1GB 0
[    0.064005] Spectre V1 : Mitigation: usercopy/swapgs barriers and __user pointer sanitization
[    0.068007] Spectre V2 : Mitigation: Retpolines
[    0.072003] Spectre V2 : Spectre v2 / SpectreRSB mitigation: Filling RSB on context switch
[    0.076006] Spectre V2 : Spectre v2 / SpectreRSB : Filling RSB on VMEXIT
[    0.080006] RETBleed: Vulnerable
[    0.084197] Freeing SMP alternatives memory: 36K
[    0.205338] APIC calibration not consistent with PM-Timer: 102ms instead of 100ms
[    0.208000] APIC delta adjusted to PM-Timer: 6279683 (6409416)
[    0.208438] smpboot: CPU0: AMD Ryzen 5 5500U with Radeon Graphics (family: 0x17, model: 0x68, stepping: 0x1)
[    0.212599] Performance Events: PMU not available due to virtualization, using software events only.
[    0.216212] Hierarchical SRCU implementation.
[    0.220869] NMI watchdog: Perf event create on CPU 0 failed with -2
[    0.224003] NMI watchdog: Perf NMI watchdog permanently disabled
[    0.228501] smp: Bringing up secondary CPUs ...
[    0.236543] x86: Booting SMP configuration:
[    0.240006] .... node  #0, CPUs:      #1
[    0.004000] kvm-clock: cpu 1, msr 0:3ff44041, secondary cpu clock
[    0.254110] smp: Brought up 1 node, 2 CPUs
[    0.256009] smpboot: Max logical packages: 1
[    0.260013] smpboot: Total of 2 processors activated (8383.96 BogoMIPS)
[    0.268275] devtmpfs: initialized
[    0.272604] x86/mm: Memory block size: 128MB
[    0.280526] evm: security.selinux
[    0.284003] evm: security.SMACK64
[    0.288003] evm: security.SMACK64EXEC
[    0.292003] evm: security.SMACK64TRANSMUTE
[    0.296006] evm: security.SMACK64MMAP
[    0.304005] evm: security.apparmor
[    0.308005] evm: security.ima
[    0.312006] evm: security.capability
[    0.320406] clocksource: jiffies: mask: 0xffffffff max_cycles: 0xffffffff, max_idle_ns: 7645041785100000 ns
[    0.324033] futex hash table entries: 512 (order: 3, 32768 bytes)
[    0.328275] pinctrl core: initialized pinctrl subsystem
[    0.336509] RTC time: 16:23:52, date: 08/02/25
[    0.341885] NET: Registered protocol family 16
[    0.344252] audit: initializing netlink subsys (disabled)
[    0.348210] audit: type=2000 audit(1754151837.462:1): state=initialized audit_enabled=0 res=1
[    0.352129] cpuidle: using governor ladder
[    0.356213] cpuidle: using governor menu
[    0.368308] ACPI: bus type PCI registered
[    0.376014] acpiphp: ACPI Hot Plug PCI Controller Driver version: 0.5
[    0.388820] PCI: Using configuration type 1 for base access
[    0.400006] PCI: Using configuration type 1 for extended access
[    0.412371] HugeTLB registered 2.00 MiB page size, pre-allocated 0 pages
[    0.424329] ACPI: Added _OSI(Module Device)
[    0.428012] ACPI: Added _OSI(Processor Device)
[    0.436012] ACPI: Added _OSI(3.0 _SCP Extensions)
[    0.444008] ACPI: Added _OSI(Processor Aggregator Device)
[    0.452010] ACPI: Added _OSI(Linux-Dell-Video)
[    0.456011] ACPI: Added _OSI(Linux-Lenovo-NV-HDMI-Audio)
[    0.464011] ACPI: Added _OSI(Linux-HPI-Hybrid-Graphics)
[    0.469271] ACPI: Executed 1 blocks of module-level executable AML code
[    0.484617] ACPI: Interpreter enabled
[    0.492030] ACPI: (supports S0 S5)
[    0.496009] ACPI: Using IOAPIC for interrupt routing
[    0.500522] PCI: Using host bridge windows from ACPI; if necessary, use "pci=nocrs" and report a bug
[    0.512287] ACPI: Enabled 2 GPEs in block 00 to 07
[    0.529593] ACPI: PCI Root Bridge [PCI0] (domain 0000 [bus 00-ff])
[    0.536020] acpi PNP0A03:00: _OSC: OS supports [ExtendedConfig ASPM ClockPM Segments MSI]
[    0.546005] acpi PNP0A03:00: _OSC: platform does not support [PCIeCapability]
[    0.557049] acpi PNP0A03:00: _OSC: not requesting control; platform does not support [PCIeCapability]
[    0.568015] acpi PNP0A03:00: _OSC: OS requested [PCIeHotplug PME AER PCIeCapability]
[    0.576011] acpi PNP0A03:00: _OSC: platform willing to grant [PCIeHotplug PME AER]
[    0.584008] acpi PNP0A03:00: _OSC failed (AE_SUPPORT); disabling ASPM
[    0.593079] PCI host bridge to bus 0000:00
[    0.596013] pci_bus 0000:00: root bus resource [io  0x0000-0x0cf7 window]
[    0.604010] pci_bus 0000:00: root bus resource [io  0x0d00-0xffff window]
[    0.612011] pci_bus 0000:00: root bus resource [mem 0x000a0000-0x000bffff window]
[    0.620009] pci_bus 0000:00: root bus resource [mem 0x40000000-0xfdffffff window]
[    0.624006] pci_bus 0000:00: root bus resource [bus 00-ff]
[    0.639404] pci 0000:00:01.1: legacy IDE quirk: reg 0x10: [io  0x01f0-0x01f7]
[    0.648011] pci 0000:00:01.1: legacy IDE quirk: reg 0x14: [io  0x03f6]
[    0.656007] pci 0000:00:01.1: legacy IDE quirk: reg 0x18: [io  0x0170-0x0177]
[    0.664008] pci 0000:00:01.1: legacy IDE quirk: reg 0x1c: [io  0x0376]
[    0.691747] pci 0000:00:07.0: quirk: [io  0x4000-0x403f] claimed by PIIX4 ACPI
[    0.704050] pci 0000:00:07.0: quirk: [io  0x4100-0x410f] claimed by PIIX4 SMB
[    0.721457] ACPI: PCI Interrupt Link [LNKA] (IRQs 5 9 10 *11)
[    0.728709] ACPI: PCI Interrupt Link [LNKB] (IRQs 5 9 *10 11)
[    0.736259] ACPI: PCI Interrupt Link [LNKC] (IRQs 5 *9 10 11)
[    0.740333] ACPI: PCI Interrupt Link [LNKD] (IRQs 5 9 10 *11)
[    0.748786] SCSI subsystem initialized
[    0.756286] pci 0000:00:02.0: vgaarb: setting as boot VGA device
[    0.760000] pci 0000:00:02.0: vgaarb: VGA device added: decodes=io+mem,owns=io+mem,locks=none
[    0.760012] pci 0000:00:02.0: vgaarb: bridge control possible
[    0.764008] vgaarb: loaded
[    0.766777] ACPI: bus type USB registered
[    0.768090] usbcore: registered new interface driver usbfs
[    0.772051] usbcore: registered new interface driver hub
[    0.776014] usbcore: registered new device driver usb
[    0.780187] EDAC MC: Ver: 3.0.0
[    0.788343] PCI: Using ACPI for IRQ routing
[    0.793019] NetLabel: Initializing
[    0.796006] NetLabel:  domain hash size = 128
[    0.800003] NetLabel:  protocols = UNLABELED CIPSOv4 CALIPSO
[    0.804023] NetLabel:  unlabeled traffic allowed by default
[    0.808442] clocksource: Switched to clocksource kvm-clock
[    0.864006] VFS: Disk quotas dquot_6.6.0
[    0.873226] VFS: Dquot-cache hash table entries: 512 (order 0, 4096 bytes)
[    0.880781] AppArmor: AppArmor Filesystem Enabled
[    0.886338] pnp: PnP ACPI init
[    0.892366] pnp: PnP ACPI: found 3 devices
[    0.947735] clocksource: acpi_pm: mask: 0xffffff max_cycles: 0xffffff, max_idle_ns: 2085701024 ns
[    0.957472] NET: Registered protocol family 2
[    0.962809] IP idents hash table entries: 16384 (order: 5, 131072 bytes)
[    0.969698] TCP established hash table entries: 8192 (order: 4, 65536 bytes)
[    0.977310] TCP bind hash table entries: 8192 (order: 5, 131072 bytes)
[    0.984394] TCP: Hash tables configured (established 8192 bind 8192)
[    0.991694] UDP hash table entries: 512 (order: 2, 16384 bytes)
[    0.997767] UDP-Lite hash table entries: 512 (order: 2, 16384 bytes)
[    1.004334] NET: Registered protocol family 1
[    1.009260] pci 0000:00:00.0: Limiting direct PCI/PCI transfers
[    1.015162] pci 0000:00:01.0: Activating ISA DMA hang workarounds
[    1.021505] pci 0000:00:02.0: Video device with shadowed ROM at [mem 0x000c0000-0x000dffff]
[    1.030943] Unpacking initramfs...
[    1.500065] Freeing initrd memory: 19528K
[    1.576978] clocksource: tsc: mask: 0xffffffffffffffff max_cycles: 0x1e36668feb2, max_idle_ns: 440795310268 ns
[    1.587121] platform rtc_cmos: registered platform RTC device (no PNP device found)
[    1.596313] Scanning for low memory corruption every 60 seconds
[    1.605652] Initialise system trusted keyrings
[    1.611102] Key type blacklist registered
[    1.616634] workingset: timestamp_bits=36 max_order=18 bucket_order=0
[    1.626227] zbud: loaded
[    1.631524] squashfs: version 4.0 (2009/01/31) Phillip Lougher
[    1.639490] fuse init (API version 7.26)
[    1.694240] Key type asymmetric registered
[    1.698721] Asymmetric key parser 'x509' registered
[    1.704108] Block layer SCSI generic (bsg) driver version 0.4 loaded (major 246)
[    1.713283] io scheduler noop registered
[    1.717803] io scheduler deadline registered
[    1.722695] io scheduler cfq registered (default)
[    1.729009] ACPI: AC Adapter [AC] (on-line)
[    1.732196] input: Power Button as /devices/LNXSYSTM:00/LNXPWRBN:00/input/input0
[    1.741704] ACPI: Power Button [PWRF]
[    1.746206] input: Sleep Button as /devices/LNXSYSTM:00/LNXSLPBN:00/input/input1
[    1.753818] ACPI: Sleep Button [SLPF]
[    1.761780] ACPI: Battery Slot [BAT0] (battery present)
[    1.767991] Serial: 8250/16550 driver, 32 ports, IRQ sharing enabled
[    1.802498] 00:02: ttyS0 at I/O 0x3f8 (irq = 4, base_baud = 115200) is a 16550A
[    1.832987] Linux agpgart interface v0.103
[    1.851910] loop: module loaded
[    1.859356] scsi host0: ata_piix
[    1.863874] scsi host1: ata_piix
[    1.867558] ata1: PATA max UDMA/33 cmd 0x1f0 ctl 0x3f6 bmdma 0xd000 irq 14
[    1.871428] ata2: PATA max UDMA/33 cmd 0x170 ctl 0x376 bmdma 0xd008 irq 15
[    1.882093] tun: Universal TUN/TAP device driver, 1.6
[    1.888478] PPP generic driver version 2.4.2
[    1.894214] ehci_hcd: USB 2.0 'Enhanced' Host Controller (EHCI) Driver
[    1.900608] ehci-pci: EHCI PCI platform driver
[    1.905845] ehci-platform: EHCI generic platform driver
[    1.911609] ohci_hcd: USB 1.1 'Open' Host Controller (OHCI) Driver
[    1.917313] ohci-pci: OHCI PCI platform driver
[    1.921647] ohci-platform: OHCI generic platform driver
[    1.925579] uhci_hcd: USB Universal Host Controller Interface driver
[    1.932412] i8042: PNP: PS/2 Controller [PNP0303:PS2K,PNP0f03:PS2M] at 0x60,0x64 irq 1,12
[    1.943739] serio: i8042 KBD port at 0x60,0x64 irq 1
[    1.949679] serio: i8042 AUX port at 0x60,0x64 irq 12
[    1.957011] mousedev: PS/2 mouse device common for all mice
[    1.968257] rtc_cmos rtc_cmos: rtc core: registered rtc_cmos as rtc0
[    1.968304] input: AT Translated Set 2 keyboard as /devices/platform/i8042/serio0/input/input2
[    1.976377] rtc_cmos rtc_cmos: alarms up to one day, 114 bytes nvram
[    1.990785] i2c /dev entries driver
[    1.994782] device-mapper: uevent: version 1.0.3
[    2.000227] device-mapper: ioctl: 4.37.0-ioctl (2017-09-20) initialised: dm-devel@redhat.com
[    2.009129] ledtrig-cpu: registered to indicate activity on CPUs
[    2.018143] NET: Registered protocol family 10
[    2.039028] Segment Routing with IPv6
[    2.052431] NET: Registered protocol family 17
[    2.058654] Key type dns_resolver registered
[    2.081018] mce: Using 0 MCE banks
[    2.086512] RAS: Correctable Errors collector initialized.
[    2.094488] sched_clock: Marking stable (2094388883, 0)->(2886038084, -791649201)
[    2.114929] registered taskstats version 1
[    2.120357] Loading compiled-in X.509 certificates
[    2.131551] Loaded X.509 cert 'Build time autogenerated kernel key: b5b26778eaa3ab3a4a6cee031137706e947d12ad'
[    2.142370] Loaded X.509 cert 'Canonical Ltd. Live Patch Signing: 14df34d1a87cf37625abec039ef2bf521249b969'
[    2.152261] Loaded X.509 cert 'Canonical Ltd. Kernel Module Signing: 88f752e560a1e0737e31163a466ad7b70a850c19'
[    2.163218] blacklist: Loading compiled-in revocation X.509 certificates
[    2.169914] Loaded X.509 cert 'Canonical Ltd. Secure Boot Signing: 61482aa2830d0ab2ad5af10b7250da9033ddcef0'
[    2.180462] Loaded X.509 cert 'Canonical Ltd. Secure Boot Signing (2017): 242ade75ac4a15e50d50c84b0d45ff3eae707a03'
[    2.190890] Loaded X.509 cert 'Canonical Ltd. Secure Boot Signing (ESM 2018): 365188c1d374d6b07c3c8f240f8ef722433d6a8b'
[    2.201389] Loaded X.509 cert 'Canonical Ltd. Secure Boot Signing (2019): c0746fd6c5da3ae827864651ad66ae47fe24b3e8'
[    2.211924] Loaded X.509 cert 'Canonical Ltd. Secure Boot Signing (2021 v1): a8d54bbb3825cfb94fa13c9f8a594a195c107b8d'
[    2.223002] Loaded X.509 cert 'Canonical Ltd. Secure Boot Signing (2021 v2): 4cf046892d6fd3c9a5b03f98d845f90851dc6a8c'
[    2.233671] Loaded X.509 cert 'Canonical Ltd. Secure Boot Signing (2021 v3): 100437bb6de6e469b581e61cd66bce3ef4ed53af'
[    2.245216] Loaded X.509 cert 'Canonical Ltd. Secure Boot Signing (Ubuntu Core 2019): c1d57b8f6b743f23ee41f4f7ee292f06eecadfb9'
[    2.256775] zswap: loaded using pool lzo/zbud
[    2.276046] Key type big_key registered
[    2.281822] Key type trusted registered
[    2.293816] Key type encrypted registered
[    2.298800] AppArmor: AppArmor sha1 policy hashing enabled
[    2.305526] ima: No TPM chip found, activating TPM-bypass! (rc=-19)
[    2.311867] ima: Allocated hash algorithm: sha1
[    2.317641] evm: HMAC attrs: 0x1
[    2.323222]   Magic number: 5:681:387
[    2.328746] rtc_cmos rtc_cmos: setting system clock to 2025-08-02 16:23:54 UTC (1754151834)
[    2.338759] BIOS EDD facility v0.16 2004-Jun-25, 0 devices found
[    2.345804] EDD information not available.
[    2.355245] Freeing unused kernel image memory: 2480K
[    2.380923] Write protecting the kernel read-only data: 20480k
[    2.389325] Freeing unused kernel image memory: 2008K
[    2.396663] Freeing unused kernel image memory: 1820K
[    2.409743] x86/mm: Checked W+X mappings: passed, no W+X pages found.
Loading, please wait...
starting version 237
[    2.515923] e1000: Intel(R) PRO/1000 Network Driver - version 7.3.21-k8-NAPI
[    2.523866] e1000: Copyright (c) 1999-2006 Intel Corporation.
[    2.532983] Fusion MPT base driver 3.04.20
[    2.537281] Copyright (c) 1999-2008 LSI Corporation
[    2.556789] Fusion MPT SPI Host driver 3.04.20
[    2.595513] AVX2 version of gcm_enc/dec engaged.
[    2.602261] AES CTR mode by8 optimization enabled
[    2.789936] input: ImExPS/2 Generic Explorer Mouse as /devices/platform/i8042/serio1/input/input4
[    3.282450] e1000 0000:00:03.0 eth0: (PCI:33MHz:32-bit) 02:3b:7b:b7:3b:2d
[    3.290079] e1000 0000:00:03.0 eth0: Intel(R) PRO/1000 Network Connection
[    3.963587] e1000 0000:00:08.0 eth1: (PCI:33MHz:32-bit) 08:00:27:f2:a6:60
[    3.970888] e1000 0000:00:08.0 eth1: Intel(R) PRO/1000 Network Connection
[    3.979341] e1000 0000:00:08.0 enp0s8: renamed from eth1
[    3.986089] mptbase: ioc0: Initiating bringup
[    4.002282] e1000 0000:00:03.0 enp0s3: renamed from eth0
[    4.103835] ioc0: LSI53C1030 A0: Capabilities={Initiator}
[    4.373308] scsi host2: ioc0: LSI53C1030 A0, FwRev=00000000h, Ports=1, MaxQ=256, IRQ=20
[    5.053705] scsi 2:0:0:0: Direct-Access     VBOX     HARDDISK         1.0  PQ: 0 ANSI: 5
[    5.093274] scsi target2:0:0: Beginning Domain Validation
[    5.107533] scsi target2:0:0: Domain Validation skipping write tests
[    5.114287] scsi target2:0:0: Ending Domain Validation
[    5.119861] scsi target2:0:0: asynchronous
[    5.125780] scsi 2:0:1:0: Direct-Access     VBOX     HARDDISK         1.0  PQ: 0 ANSI: 5
[    5.204375] scsi target2:0:1: Beginning Domain Validation
[    5.220508] scsi target2:0:1: Domain Validation skipping write tests
[    5.226592] scsi target2:0:1: Ending Domain Validation
[    5.232445] scsi target2:0:1: asynchronous
[    5.249088] sd 2:0:0:0: Attached scsi generic sg0 type 0
[    5.255901] sd 2:0:1:0: Attached scsi generic sg1 type 0
[    5.263136] sd 2:0:0:0: [sda] 83886080 512-byte logical blocks: (42.9 GB/40.0 GiB)
[    5.271582] sd 2:0:1:0: [sdb] 20480 512-byte logical blocks: (10.5 MB/10.0 MiB)
[    5.271863] sd 2:0:0:0: [sda] Write Protect is off
[    5.285694] sd 2:0:1:0: [sdb] Write Protect is off
[    5.286350] sd 2:0:0:0: [sda] Write cache: enabled, read cache: enabled, supports DPO and FUA
[    5.302636] sd 2:0:1:0: [sdb] Write cache: enabled, read cache: enabled, supports DPO and FUA
[    5.311472]  sda: sda1
[    5.320501] sd 2:0:0:0: [sda] Attached SCSI disk
[    5.331235] sd 2:0:1:0: [sdb] Attached SCSI disk
Begin: Loading essential drivers ... [    7.265109] raid6: sse2x1   gen() 31088 MB/s
[    8.268665] raid6: sse2x1   xor() 181924 MB/s
[    9.279203] raid6: sse2x2   gen() 366645 MB/s
[   10.267012] raid6: sse2x2   xor() 243290 MB/s
[   12.293675] raid6: sse2x4   gen() 405073 MB/s
[   12.353692] raid6: sse2x4   xor() 10703 MB/s
[   12.405405] raid6: avx2x1   gen() 17607 MB/s
[   12.457942] raid6: avx2x1   xor() 14499 MB/s
[   13.294061] raid6: avx2x2   gen() 629509 MB/s
[   13.352669] raid6: avx2x2   xor() 23235 MB/s
[   13.405682] raid6: avx2x4   gen() 33234 MB/s
[   13.458206] raid6: avx2x4   xor() 15198 MB/s
[   13.463122] raid6: using algorithm avx2x2 gen() 629509 MB/s
[   13.469257] raid6: .... xor() 23235 MB/s, rmw enabled
[   13.474074] raid6: using avx2x2 recovery algorithm
[   13.482161] xor: automatically using best checksumming function   avx       
[   13.490944] async_tx: api initialized (async)
done.
Begin: Running /scripts/init-premount ... done.
Begin: Mounting root file system ... Begin: Running /scripts/local-top ... done.
Begin: Running /scripts/local-premount ... [   13.561665] Btrfs loaded, crc32c=crc32c-intel
Scanning for Btrfs filesystems
done.
Warning: fsck not present, so skipping root file system
[   13.643680] EXT4-fs (sda1): mounted filesystem with ordered data mode. Opts: (null)
done.
Begin: Running /scripts/local-bottom ... done.
Begin: Running /scripts/init-bottom ... done.
[   13.926290] ip_tables: (C) 2000-2006 Netfilter Core Team
[   13.951896] systemd[1]: systemd 237 running in system mode. (+PAM +AUDIT +SELINUX +IMA +APPARMOR +SMACK +SYSVINIT +UTMP +LIBCRYPTSETUP +GCRYPT +GNUTLS +ACL +XZ +LZ4 +SECCOMP +BLKID +ELFUTILS +KMOD -IDN2 +IDN -PCRE2 default-hierarchy=hybrid)
[   13.971420] systemd[1]: Detected virtualization oracle.
[   13.976600] systemd[1]: Detected architecture x86-64.

Welcome to [1mUbuntu 18.04.6 LTS[0m!

[   14.028331] systemd[1]: Set hostname to <flask-vm>.
[   14.557731] systemd[1]: Reached target User and Group Name Lookups.
[[0;32m  OK  [0m] Reached target User and Group Name Lookups.
[   14.571965] systemd[1]: Started Forward Password Requests to Wall Directory Watch.
[[0;32m  OK  [0m] Started Forward Password Requests to Wall Directory Watch.
[   14.599286] systemd[1]: Created slice System Slice.
[[0;32m  OK  [0m] Created slice System Slice.
[   14.608893] systemd[1]: Listening on Journal Socket.
[[0;32m  OK  [0m] Listening on Journal Socket.
[   14.618830] systemd[1]: Created slice system-serial\x2dgetty.slice.
[[0;32m  OK  [0m] Created slice system-serial\x2dgetty.slice.
[   14.629821] systemd[1]: Listening on Device-mapper event daemon FIFOs.
[[0;32m  OK  [0m] Listening on Device-mapper event daemon FIFOs.
[[0;32m  OK  [0m] Listening on Network Service Netlink Socket.
         Mounting POSIX Message Queue File System...
[[0;32m  OK  [0m] Listening on udev Kernel Socket.
[[0;32m  OK  [0m] Listening on Syslog Socket.
[[0;32m  OK  [0m] Listening on Journal Socket (/dev/log).
[[0;32m  OK  [0m] Listening on /dev/initctl Compatibility Named Pipe.
[[0;32m  OK  [0m] Listening on LVM2 poll daemon socket.
[[0;32m  OK  [0m] Reached target System Time Synchronized.
[[0;32m  OK  [0m] Listening on fsck to fsckd communication Socket.
         Starting File System Check on Root Device...
[[0;32m  OK  [0m] Created slice User and Session Slice.
[[0;32m  OK  [0m] Reached target Slices.
         Starting Create list of required stâ€¦ce nodes for the current kernel...
         Starting Set the console keyboard layout...
         Starting Load Kernel Modules...
[[0;32m  OK  [0m] Listening on LVM2 metadata daemon socket.
         Starting Monitoring of LVM2 mirrorsâ€¦ng dmeventd or progress polling...
[[0;32m  OK  [0m] Listening on Journal Audit Socket.
         Starting Journal Service...
[[0;32m  OK  [0m] Reached target Swap.
[[0;32m  OK  [0m] Listening on udev Control Socket.
         Starting udev Coldplug all Devices...
[[0;32m  OK  [0m] Reached target Mounting snaps.
[[0;32m  OK  [0m] Reached target Mounted snaps.
         Mounting Kernel Debug File System...
[[0;32m  OK  [0m] Set up automount Arbitrary Executabâ€¦rmats File System Automount Point.
[   14.830899] Loading iSCSI transport class v2.0-870.
         Mounting Huge Pages File System...
         Starting Uncomplicated firewall...
[[0;32m  OK  [0m] Mounted POSIX Message Queue File System.
[[0;32m  OK  [0m] Started File System Check on Root Device.
[[0;32m  OK  [0m] [   14.866079] iscsi: registered transport (tcp)
Started Create list of required staâ€¦vice nodes for the current kernel.
[[0;32m  OK  [0m] Mounted Kernel Debug File System.
[[0;32m  OK  [0m] Mounted Huge Pages File System.
[[0;32m  OK  [0m] Started Uncomplicated firewall.
[[0;32m  OK  [0m] Started LVM2 metadata daemon.
[[0;32m  OK  [0m] Started File System Check Daemon to report status.
         Starting Create Static Device Nodes in /dev...
         Starting Remount Root and Kernel File Systems...
[[0;32m  OK  [0m] Started Journal Service.
[[0;32m  OK  [0m] Started udev Coldplug all Devices.
[[0;32m  OK  [0m] Started Create Static Device Nodes in /dev.
[   14.991784] EXT4-fs (sda1): re-mounted. Opts: (null)
[[0;32m  OK  [0m] Started Set the console keyboard layout.
[[0;32m  OK  [0m] Started Remount Root and Kernel File Systems.
         Starting Flush Journal to Persistent Storage...
         Starting Load/Save Random Seed...
         Starting udev Kernel Device Manager...
[[0;32m  OK  [0m] Started Monitoring of LVM2 mirrors,â€¦sing dmeventd or progress polling.
[[0;32m  OK  [0m] Started Load/Save Random Seed.
[   15.085210] iscsi: registered transport (iser)
[[0;32m  OK  [0m] Reached target Local File Systems (Pre).
[[0;32m  OK  [0m] Reached target Local File Systems.
         Starting AppArmor initialization...
         Starting Set console font and keymap...
         Starting Tell Plymouth To Write Out Runtime Data...
         Starting ebtables ruleset management...
[[0;32m  OK  [0m] Started Load Kernel Modules.
[   15.129009] systemd-journald[410]: Received request to flush runtime journal from PID 1
         Mounting Kernel Configuration File System...
         Starting Apply Kernel Variables...
         Mounting FUSE Control File System...
[[0;32m  OK  [0m] Mounted Kernel Configuration File System.
[[0;32m  OK  [0m] Mounted FUSE Control File System.
[[0;32m  OK  [0m] Started udev Kernel Device Manager.
[[0;32m  OK  [0m] Started Dispatch Password Requests to Console Directory Watch.
[[0;32m  OK  [0m] Reached target Local Encrypted Volumes.
[[0;32m  OK  [0m] Started Set console font and keymap.
[[0;32m  OK  [0m] Started Tell Plymouth To Write Out Runtime Data.
[[0;32m  OK  [0m] Started Apply Kernel Variables.
[[0;32m  OK  [0m] Started Flush Journal to Persistent Storage.
         Starting Create Volatile Files and Directories...
[[0;32m  OK  [0m] Started ebtables ruleset management.
[[0;32m  OK  [0m] Started Create Volatile Files and Directories.
         Starting Update UTMP about System Boot/Shutdown...
[[0;32m  OK  [0m] Started Update UTMP about System Boot/Shutdown.
[[0;32m  OK  [0m] Found device /dev/ttyS0.
[[0;32m  OK  [0m] Listening on Load/Save RF Kill Switch Status /dev/rfkill Watch.
[[0;32m  OK  [0m] Started AppArmor initialization.
         Starting Initial cloud-init job (pre-networking)...
         Starting Load AppArmor profiles managed internally by snapd...
         Mounting Arbitrary Executable File Formats File System...
[[0;32m  OK  [0m] Mounted Arbitrary Executable File Formats File System.
[[0;32m  OK  [0m] Started Load AppArmor profiles managed internally by snapd.
[   18.328174] cloud-init[561]: Cloud-init v. 23.1.2-0ubuntu0~18.04.1 running 'init-local' at Sat, 02 Aug 2025 16:24:10 +0000. Up 18.09 seconds.
[[0;32m  OK  [0m] Started Initial cloud-init job (pre-networking).
[[0;32m  OK  [0m] Reached target Network (Pre).
         Starting Network Service...
[[0;32m  OK  [0m] Started Network Service.
         Starting Network Name Resolution...
         Starting Wait for Network to be Configured...
[[0;32m  OK  [0m] Started Network Name Resolution.
[[0;32m  OK  [0m] Reached target Network.
[[0;32m  OK  [0m] Reached target Host and Network Name Lookups.
[[0;32m  OK  [0m] Started Wait for Network to be Configured.
         Starting Initial cloud-init job (metadata service crawler)...
[   20.839663] cloud-init[682]: Cloud-init v. 23.1.2-0ubuntu0~18.04.1 running 'init' at Sat, 02 Aug 2025 16:24:12 +0000. Up 20.70 seconds.
[   20.910195] cloud-init[682]: ci-info: +++++++++++++++++++++++++++++++++++++++++++Net device info++++++++++++++++++++++++++++++++++++++++++++
[   20.919024] cloud-init[682]: ci-info: +--------+------+---------------------------------------+---------------+--------+-------------------+
[   20.928453] cloud-init[682]: ci-info: | Device |  Up  |                Address                |      Mask     | Scope  |     Hw-Address    |
[   20.936776] cloud-init[682]: ci-info: +--------+------+---------------------------------------+---------------+--------+-------------------+
[   20.944583] cloud-init[682]: ci-info: | enp0s3 | True |               10.0.2.15               | 255.255.255.0 | global | 02:3b:7b:b7:3b:2d |
[   20.953435] cloud-init[682]: ci-info: | enp0s3 | True | fd17:625c:f037:2:3b:7bff:feb7:3b2d/64 |       .       | global | 02:3b:7b:b7:3b:2d |
[   20.962465] cloud-init[682]: ci-info: | enp0s3 | True |       fe80::3b:7bff:feb7:3b2d/64      |       .       |  link  | 02:3b:7b:b7:3b:2d |
[   20.969721] cloud-init[682]: ci-info: | enp0s8 | True |             192.168.56.10             | 255.255.255.0 | global | 08:00:27:f2:a6:60 |
[   20.976819] cloud-init[682]: ci-info: | enp0s8 | True |      fe80::a00:27ff:fef2:a660/64      |       .       |  link  | 08:00:27:f2:a6:60 |
[   20.984783] cloud-init[682]: ci-info: |   lo   | True |               127.0.0.1               |   255.0.0.0   |  host  |         .         |
[   20.993170] cloud-init[682]: ci-info: |   lo   | True |                ::1/128                |       .       |  host  |         .         |
[   21.001449] cloud-init[682]: ci-info: +--------+------+---------------------------------------+---------------+--------+-------------------+
[   21.009858] cloud-init[682]: ci-info: +++++++++++++++++++++++++++++Route IPv4 info+++++++++++++++++++++++++++++
[   21.017339] cloud-init[682]: ci-info: +-------+--------------+----------+-----------------+-----------+-------+
[   21.025009] cloud-init[682]: ci-info: | Route | Destination  | Gateway  |     Genmask     | Interface | Flags |
[   21.032959] cloud-init[682]: ci-info: +-------+--------------+----------+-----------------+-----------+-------+
[   21.040838] cloud-init[682]: ci-info: |   0   |   0.0.0.0    | 10.0.2.2 |     0.0.0.0     |   enp0s3  |   UG  |
[   21.047564] cloud-init[682]: ci-info: |   1   |   10.0.2.0   | 0.0.0.0  |  255.255.255.0  |   enp0s3  |   U   |
[   21.054832] cloud-init[682]: ci-info: |   2   |   10.0.2.2   | 0.0.0.0  | 255.255.255.255 |   enp0s3  |   UH  |
[   21.062525] cloud-init[682]: ci-info: |   3   | 192.168.56.0 | 0.0.0.0  |  255.255.255.0  |   enp0s8  |   U   |
[   21.070793] cloud-init[682]: ci-info: +-------+--------------+----------+-----------------+-----------+-------+
[   21.078625] cloud-init[682]: ci-info: ++++++++++++++++++++++++Route IPv6 info++++++++++++++++++++++++
[   21.086330] cloud-init[682]: ci-info: +-------+-----------------------+---------+-----------+-------+
[   21.093514] cloud-init[682]: ci-info: | Route |      Destination      | Gateway | Interface | Flags |
[   21.101002] cloud-init[682]: ci-info: +-------+-----------------------+---------+-----------+-------+[[0;32m  OK  [0m] Started Initial cloud-init job (metadata service crawler).
[[0;32m  OK  [0m] Reached target Cloud-config availability.
[[0;32m  OK  [0m] Reached target Network is Online.
         Starting Availability of block devices...
[[0;32m  OK  [0m] Reached target Remote File Systems (Pre).
         Mounting /vagrant...
[[0;32m  OK  [0m] Reached target System Initialization.
[[0;32m  OK  [0m] Started Daily apt download activities.
[[0;32m  OK  [0m] Started Daily apt upgrade and clean activities.
[[0;32m  OK  [0m] Started Message of the Day.
[[0;32m  OK  [0m] Started ACPI Events Check.
         Starting Socket activation for snappy daemon.
[[0;32m  OK  [0m] Started Daily Cleanup of Temporary Directories.
[[0;32m  OK  [0m] Listening on Open-iSCSI iscsid Socket.
[[0;32m  OK  [0m] Reached target Paths.
[[0;32m  OK  [0m] Started Discard unused blocks once a week.
[[0;32m  OK  [0m] Listening on ACPID Listen Socket.
         Starting LXD - unix socket.
[[0;32m  OK  [0m] Listening on cloud-init hotplug hook socket.
[[0;32m  OK  [0m] Listening on D-Bus System Message Bus Socket.
[[0;32m  OK  [0m] Started Ubuntu Advantage Timer for running repeated jobs.
[[0;32m  OK  [0m] Reached target Timers.
[[0;32m  OK  [0m] Listening on UUID daemon activation socket.
[[0;32m  OK  [0m] Started Availability of block devices.
[[0;32m  OK  [0m] Listening on LXD - unix socket.

[[0;32m  OK  [0m] Listening on Socket activation for snappy daemon.
[[0;32m  OK  [0m[   21.174118] cloud-init] Mounted /vagrant.
[682]: ci-info: |   1   | fd17:625c:f037:2::/64 |    ::   |   enp0s3  |   U   |[[0;32m  OK  [0m] Reached target Remote File Systems.
[[0;32m  OK  [0m
[   21.193680] cloud-init[682]: ] Reached target Sockets.ci-info: |   2   |       fe80::/64       |    ::   |   enp0s8  |   U   |
[   21.199256] cloud-init[682]: ci-info: |   3   |       fe80::/64       |    ::   |   enp0s3  |   U   |
[   21.199712] cloud-init[682]: ci-info: |   4   |          ::/0         | fe80::2 |   enp0s3  |   UG  |
[   21.201014] cloud-init[682]: ci-info: |   6   |         local         |    ::   |   enp0s3  |   U   |
[   21.201408] cloud-init[682]: ci-info: |   7   |         local         |    ::   |   enp0s8  |   U   |
[   21.201821] cloud-init[682]: ci-info: |   8   |        ff00::/8       |    ::   |   enp0s8  |   U   |
[   21.202205] cloud-init[682]: ci-info: |   9   |        ff00::/8       |    ::   |   enp0s3  |   U   |
[   21.202606] cloud-init[682]: ci-info: +-------+-----------------------+---------+-----------+-------+

[[0;32m  OK  [0m] Reached target Basic System.
[[0;32m  OK  [0m] Started Deferred execution scheduler.
[[0;32m  OK  [0m] Reached target Login Prompts (Pre).
         Starting System Logging Service...
         Starting Dispatcher daemon for systemd-networkd...
[[0;32m  OK  [0m] Started Regular background program processing daemon.
         Starting OpenBSD Secure Shell server...
[[0;32m  OK  [0m] Started irqbalance daemon.
         Starting LSB: automatic crash report generation...
[[0;32m  OK  [0m] Started FUSE filesystem for LXC.
         Starting Permit User Sessions...
         Starting Login Service...
         Starting LSB: Record successful boot for GRUB...
         Starting Virtualbox guest utils...
         Starting Accounts Service...
[[0;32m  OK  [0m] Started D-Bus System Message Bus.
[[0;32m  OK  [0m] Started Login Service.
[[0;32m  OK  [0m] Started Unattended Upgrades Shutdown.
         Starting LXD - container startup/shutdown...
         Starting Snap Daemon...
[[0;32m  OK  [0m] Started System Logging Service.
[[0;32m  OK  [0m] Started Permit User Sessions.
[[0;32m  OK  [0m] Started OpenBSD Secure Shell server.
         Starting Hostname Service...
         Starting Terminate Plymouth Boot Screen...
         Starting Hold until boot process finishes up...
[[0;32m  OK  [0m] Started Terminate Plymouth Boot Screen.
[[0;32m  OK  [0m] Started Hold until boot process finishes up.
[[0;32m  OK  [0m] Started LSB: automatic crash report generation.
         Starting Authorization Manager...
         Starting Set console scheme...
[[0;32m  OK  [0m] Started Serial Getty on ttyS0.
[[0;32m  OK  [0m] Started LSB: Record successful boot for GRUB.
[[0;32m  OK  [0m] Started Set console scheme.
[[0;32m  OK  [0m] Created slice system-getty.slice.
[[0;32m  OK  [0m] Started Getty on tty1.
[[0;32m  OK  [0m] Reached target Login Prompts.
[[0;32m  OK  [0m] Started Virtualbox guest utils.
[[0;32m  OK  [0m] Started Hostname Service.
[[0;32m  OK  [0m] Started Authorization Manager.
[[0;32m  OK  [0m] Started LXD - container startup/shutdown.
[[0;32m  OK  [0m] Started Accounts Service.
[[0;32m  OK  [0m] Started Dispatcher daemon for systemd-networkd.
[[0;32m  OK  [0m] Started Snap Daemon.
         Starting Wait until snapd is fully seeded...
         Starting Time & Date Service...
[[0;32m  OK  [0m] Started Time & Date Service.
[[0;32m  OK  [0m] Started Wait until snapd is fully seeded.
         Starting Apply the settings specified in cloud-config...
[   23.732506] cloud-init[1175]: Cloud-init v. 23.1.2-0ubuntu0~18.04.1 running 'modules:config' at Sat, 02 Aug 2025 16:24:15 +0000. Up 23.62 seconds.
[[0;32m  OK  [0m] Started Apply the settings specified in cloud-config.
[[0;32m  OK  [0m] Reached target Multi-User System.
[[0;32m  OK  [0m] Reached target Graphical Interface.
         Starting Execute cloud user/final scripts...
         Starting Update UTMP about System Runlevel Changes...
[[0;32m  OK  [0m] Started Update UTMP about System Runlevel Changes.
[   24.342627] cloud-init[1218]: Cloud-init v. 23.1.2-0ubuntu0~18.04.1 running 'modules:final' at Sat, 02 Aug 2025 16:24:16 +0000. Up 24.18 seconds.
[   24.352625] cloud-init[1218]: Cloud-init v. 23.1.2-0ubuntu0~18.04.1 finished at Sat, 02 Aug 2025 16:24:16 +0000. Datasource DataSourceNoCloud [seed=/dev/sdb][dsmode=net].  Up 24.33 seconds
[[0;32m  OK  [0m] Started Execute cloud user/final scripts.
[[0;32m  OK  [0m] Reached target Cloud-init target.

Ubuntu 18.04.6 LTS flask-vm ttyS0

flask-vm login: 